
> frontend@0.1.0 build
> next build

▲ Next.js 16.2.2 (Turbopack)
- Environments: .env
- Experiments (use with caution):
  · optimizePackageImports

  Creating an optimized production build ...
✓ Compiled successfully in 9.6s
  Running TypeScript ...
Failed to type check.

./features/admin/components/stats-card.tsx:58:17
Type error: No overload matches this call.
  The last overload gave the following error.
    Object literal may only specify known properties, and 'size' does not exist in type 'Partial<unknown> & Attributes'.

  [90m56 |[0m               {[90m/* @ts-ignore */[0m}
  [90m57 |[0m               {[33mReact[0m.cloneElement(icon [36mas[0m [33mReact[0m.[33mReactElement[0m, {
[31m[1m>[0m [90m58 |[0m                 size: [35m18[0m,
  [90m   |[0m                 [31m[1m^[0m
  [90m59 |[0m                 strokeWidth: [35m2.5[0m,
  [90m60 |[0m               })}
  [90m61 |[0m             </div>
Next.js build worker exited with code: 1 and signal: null
