
> education_platform@0.1.0 build
> next build

node.exe : [baseline
-browser-mapping] 
The data in this 
module is over two 
months old.  To 
ensure accurate 
Baseline data, 
please update: `npm 
i baseline-browser-m
apping@latest -D`
At line:1 char:1
+ & "C:\Program File
s\nodejs/node.exe" "
C:\Users\saada\AppDa
ta\Roaming\ ...
+ ~~~~~~~~~~~~~~~~~~
~~~~~~~~~~~~~~~~~~~~
~~~~~~~~~~~~~~~~~~~~
~~~~~~~~~~~
    + CategoryInfo  
            : NotS  
  pecified: ([bas   
 eline-brows...p    
ing@latest -D`:    
String) [], Rem    
oteException
    + FullyQualifie 
   dErrorId : Nati  
  veCommandError
 
 ΓÜá 
`images.domains` is 
deprecated in favor 
of `images.remotePat
terns`. Please 
update 
next.config.ts to 
protect your 
application from 
malicious users.
   Γû▓ Next.js 16.0.3 (Turbopack)
   - Environments: .env.local

   Creating an optimized production build ...
[baseline-browser-ma
pping] The data in 
this module is over 
two months old.  To 
ensure accurate 
Baseline data, 
please update: `npm 
i baseline-browser-m
apping@latest -D`
 Γ£ô Compiled successfully in 4.5s
   Running TypeScript ...
Failed to compile.

./app/lib/auth.ts:36
:35
Type error: This 
expression is not 
callable.
  Each member of 
the union type '{ 
<ResultDoc = 
Document<unknown, 
{}, { email: 
string; role: 
string; name?: 
string; password?: 
string; profile?: { 
image?: string; 
firstName?: string; 
lastName?: string; 
}; } & DefaultTimest
ampProps, {}, { 
...; }> & { ...; } 
& DefaultTimestampPr
ops & { ...; } & { 
...; }>(filter: 
ObjectId | ... 1 
more ... | 
FilterQuer...' has 
signatures, but 
none of those 
signatures are 
compatible with 
each other.

[0m [90m 34 
|[39m         
[36mawait[39m conn
ectDB()[33m;[39m
 [90m 35 |[39m
[31m[1m>[22m[39m
[90m 36 |[39m     
    [36mconst[39m 
userDb [33m=[39m 
[36mawait[39m [33
mUser[39m[33m.[39
mfindOne({ 
email[33m:[39m cre
dentials[33m.[39mu
sername 
})[33m;[39m
 [90m    |[39m    
                    
           
[31m[1m^[22m[39m
 [90m 37 |[39m
 [90m 38 |[39m    
     [36mif[39m (
 [90m 39 |[39m    
       userDb 
[33m&&[39m[0m
Next.js build 
worker exited with 
code: 1 and signal: 
null
